// Vitest Snapshot v1, https://vitest.dev/guide/snapshot.html

exports[`FamilyContent > FamilySlideShow renders correctly with images 1`] = `
<div>
  <div
    id="familySlideshowWide"
    style="display: flex; flex-direction: column;"
  >
    <div
      id="pic-slider"
    >
      <div
        class="slick-slider slick-initialized"
      >
        <div
          class="slick-list"
        >
          <div
            class="slick-track"
            style="opacity: 1;"
          >
            <div
              aria-hidden="false"
              class="slick-slide slick-active slick-current"
              data-index="0"
              style="outline: none; width: 0px; position: relative; left: 0px; opacity: 1; z-index: 999; transition: opacity 5000ms ease, visibility 5000ms ease;"
              tabindex="-1"
            >
              <div>
                <div
                  style="width: 100%; display: inline-block;"
                  tabindex="-1"
                >
                  <img
                    alt="test"
                    class="slide-show"
                    src="https://test.com"
                  />
                </div>
              </div>
            </div>
          </div>
        </div>
      </div>
    </div>
  </div>
</div>
`;
