// Jest Snapshot v1, https://goo.gl/fbAQLP

exports[`Stewardship renders correctly 1`] = `
<div
  className="page-content"
>
  <div
    className="container-fluid"
  >
    <p
      style={
        {
          "fontSize": "4pt",
          "margin": "0",
        }
      }
    >
       
    </p>
    <div
      className="material-content elevation3"
      style={
        {
          "margin": "auto",
          "maxWidth": "998px",
          "paddingBottom": "-80px",
        }
      }
    >
      <h3
        style={
          {
            "paddingBottom": "15px",
            "paddingTop": "22px",
          }
        }
      >
        Stewardship
      </h3>
      <div
        className="wide-thermo"
        style={
          {
            "float": "right",
            "textAlign": "center",
          }
        }
      >
        <p
          style={
            {
              "fontSize": "14pt",
              "marginBottom": "5px",
              "marginLeft": "12px",
              "paddingRight": "6px",
              "textAlign": "center",
            }
          }
        >
          <strong>
            <i>
              <a
                href="https://forms.gle/U4DV9SqwKtg4gPQr5"
                rel="noreferrer"
                style={
                  {
                    "fontSize": "15pt",
                  }
                }
                target="_blank"
              >
                Click
                 
                Here
                 
                to Make Your Statement of Intent
              </a>
            </i>
          </strong>
        </p>
        <img
          alt=""
          height="425"
          src="https://dl.dropboxusercontent.com/s/hz9i4zkwclpsnv5/fallStewardship.jpg?dl=0"
          style={
            {
              "border": "solid 1px black",
            }
          }
          title=""
          width="240"
        />
      </div>
      <section
        style={
          {
            "marginBottom": "35px",
            "marginTop": "20px",
            "textAlign": "left",
          }
        }
      />
      <div
        className="cell-thermo"
        style={
          {
            "margin": "auto",
            "textAlign": "center",
          }
        }
      >
        <p
          style={
            {
              "fontSize": "14pt",
              "marginBottom": "5px",
              "marginLeft": "12px",
              "paddingRight": "6px",
              "textAlign": "center",
            }
          }
        >
          <strong>
            <i>
              <a
                href="https://forms.gle/U4DV9SqwKtg4gPQr5"
                rel="noreferrer"
                style={
                  {
                    "fontSize": "15pt",
                  }
                }
                target="_blank"
              >
                Click
                 
                Here
                 
                to Make Your Statement of Intent
              </a>
            </i>
          </strong>
        </p>
        <img
          alt=""
          height="425"
          src="https://dl.dropboxusercontent.com/s/hz9i4zkwclpsnv5/fallStewardship.jpg?dl=0"
          style={
            {
              "border": "solid 1px black",
            }
          }
          title=""
          width="240"
        />
      </div>
    </div>
    <p>
       
    </p>
    <div
      style={
        {
          "marginLeft": "-9px",
          "textAlign": "center",
        }
      }
    >
      <a
        href="http://www.elca.org/"
        rel="noopener noreferrer"
        target="_blank"
      >
        <img
          alt="ELCA LOGO"
          id="elcaLogo"
          src="https://dl.dropboxusercontent.com/s/wkzubcmmm3pqst4/elca-logo.png?dl=0"
          style={
            {
              "margin": "auto",
              "marginLeft": "",
              "paddingTop": "30px",
              "width": "308px",
            }
          }
        />
      </a>
    </div>
    <p>
       
    </p>
  </div>
</div>
`;
