// Vitest Snapshot v1, https://vitest.dev/guide/snapshot.html

exports[`SideMenuItem > renders anchor when type is not link 1`] = `
<div>
  <div
    class="menu-item"
  >
    <a
      class="nav-link"
      href="/some-url"
    >
      <div
        style="display: inline;"
      >
        <i
          class=""
        />
         
        <span
          class="nav-item"
        />
      </div>
    </a>
  </div>
</div>
`;
