// Vitest Snapshot v1, https://vitest.dev/guide/snapshot.html

exports[`EditPicDialog > renders EditPicDialog 1`] = `
<div>
  <div
    class="editPicDialog"
  >
    <div>
      Edit Picture
    </div>
    <div
      sx="[object Object]"
    >
      <input
        label="* URL"
        sx="[object Object]"
        type="text"
        value=""
      />
      <input
        label="* Title"
        sx="[object Object]"
        type="text"
        value=""
      />
      <div
        sx="[object Object]"
      >
        <div>
          <p
            id="demo-simple-select-label"
          >
            Type
          </p>
          <select
            id="demo-simple-select"
            label="Type"
            labelid="demo-simple-select-label"
          >
            <option
              value="musicPics"
            >
              musicPics
            </option>
            <option
              value="familyPics"
            >
              familyPics
            </option>
            <option
              value="youthPics"
            >
              youthPics
            </option>
            <option
              value="habitatPics"
            >
              habitatPics
            </option>
            <option
              value="otherPics"
            >
              otherPics
            </option>
          </select>
        </div>
      </div>
      <div>
        <div
          control="[object Object]"
          label="Show Title In Caption"
        />
      </div>
    </div>
    <div>
      <button
        class="updatePicButton"
        disabled=""
        variant="contained"
      >
        Update
      </button>
      <button
        class="deletePicButton"
        style="color: red;"
      >
        Delete
      </button>
      <button
        class="cancelPicButton"
      >
        Cancel
      </button>
    </div>
  </div>
</div>
`;
