// Vitest Snapshot v1, https://vitest.dev/guide/snapshot.html

exports[`Dashboard Container > renders AdminDashboard 1`] = `
<div>
  <div
    style="min-height: 80vh;"
  >
    <h4
      style="text-align: center; margin-top: 10px;"
    >
      CLC Admin Dashboard
    </h4>
    <div
      direction="row"
      spacing="2"
      style="text-align: center; margin-left: 1%;"
    >
      <button
        class="createPic"
        id="a-d"
        sx="[object Object]"
        variant="contained"
      >
        Add Picture
      </button>
      <button
        class="editPic"
        id="a-d"
        sx="[object Object]"
        variant="contained"
      >
        Edit Picture
      </button>
      <button
        class="editContent"
        id="a-d"
        sx="[object Object]"
        variant="contained"
      >
        Edit Page Content
      </button>
      <button
        id="a-d"
        sx="[object Object]"
        variant="outlined"
      >
        Cancel
      </button>
    </div>
    <div
      class="material-content elevation3"
      style="max-width: 8in; margin: 30px auto auto;"
    >
      <h5>
        Add to News Page
      </h5>
      <div>
        <input
          label="Title"
          sx="[object Object]"
          value=""
        />
        <input
          label="Url"
          value=""
        />
        <div
          control="[object Object]"
          label="Is Worship Bulletin?"
        />
      </div>
      <hr />
      <button
        variant="contained"
      >
        Add News
      </button>
    </div>
  </div>
</div>
`;
