// Vitest Snapshot v1, https://vitest.dev/guide/snapshot.html

exports[`PicSlider > renders with a caption 1`] = `
<div>
  <div
    id="pic-slider"
  >
    <div
      class="slick-slider slick-initialized"
      dir="ltr"
    >
      <div
        class="slick-list"
      >
        <div
          class="slick-track"
          style="opacity: 1;"
        >
          <div
            aria-hidden="false"
            class="slick-slide slick-active slick-current"
            data-index="0"
            style="outline: none; width: 0px; position: relative; left: 0px; opacity: 1; z-index: 999; transition: opacity 5000ms ease, visibility 5000ms ease;"
            tabindex="-1"
          >
            <div>
              <div
                style="width: 100%; display: inline-block;"
                tabindex="-1"
              >
                <img
                  alt="test"
                  class="slide-show"
                  src="https://test.com"
                />
              </div>
            </div>
          </div>
          <div
            aria-hidden="true"
            class="slick-slide"
            data-index="1"
            style="outline: none; width: 0px; position: relative; left: 0px; opacity: 0; z-index: 998; transition: opacity 5000ms ease, visibility 5000ms ease;"
            tabindex="-1"
          >
            <div>
              <div
                style="width: 100%; display: inline-block;"
                tabindex="-1"
              >
                <img
                  alt="test2"
                  class="slide-show"
                  src="https://test2.com"
                />
                <div
                  class="slider-caption"
                  style="text-align: center; font-weight: bold; padding: 0px; background-color: rgb(255, 255, 255); color: rgba(0, 0, 0, 0.87); margin-bottom: 0px; margin-top: 0px;"
                >
                   
                  test2
                   
                </div>
              </div>
            </div>
          </div>
        </div>
      </div>
    </div>
  </div>
</div>
`;
