// Jest Snapshot v1, https://goo.gl/fbAQLP

exports[`NewsContent renders the news page 1`] = `
<div
  className="page-content"
>
  <div>
    <div>
      <p>
        There are currently no pdfs links to display
      </p>
    </div>
    <p
      style={
        {
          "fontSize": "4pt",
          "margin": "0",
        }
      }
    >
       
    </p>
    <hr
      style={
        {
          "margin": "0px",
        }
      }
    />
    <div
      style={
        {
          "margin": "auto",
          "marginTop": "-30px",
          "textAlign": "center",
        }
      }
    >
      <p
        style={
          {
            "color": "white",
            "display": "block",
          }
        }
      >
        100
      </p>
      <button
        onClick={[Function]}
        size="large"
        variant="contained"
      >
        Sign Up for Emails
      </button>
      <div
        className="ctct-inline-form"
        data-form-id="99081bd2-b1a5-48cd-bb60-8c9aba82c2a4"
      />
    </div>
  </div>
  <div
    className="editNewsDialog"
    disableAutoFocus={true}
    disableEnforceFocus={true}
    onClose={[Function]}
    open={false}
  >
    <div>
      Edit News
    </div>
    <div
      sx={
        {
          "padding": "10px 10px",
        }
      }
    >
      <input
        className="url"
        fullWidth={true}
        label="* URL"
        onChange={[Function]}
        sx={
          {
            "marginTop": "20px",
          }
        }
        type="text"
        value=""
      />
      <input
        className="title"
        fullWidth={true}
        label="* Title"
        onChange={[Function]}
        sx={
          {
            "marginTop": "20px",
          }
        }
        type="text"
        value=""
      />
      <div>
        <div
          control={
            <Checkbox
              checked={false}
              onClick={[Function]}
            />
          }
          label="Show as Worship Bulletin"
        />
      </div>
    </div>
    <div>
      <button
        className="updateNewsButton"
        disabled={true}
        onClick={[Function]}
        size="small"
        variant="contained"
      >
        Update
      </button>
      <button
        className="deleteNewsButton"
        onClick={[Function]}
        size="small"
        style={
          {
            "backgroundColor": "red",
            "color": "white",
          }
        }
      >
        Delete
      </button>
      <button
        className="cancelNewsButton"
        onClick={[Function]}
        size="small"
      >
        Cancel
      </button>
    </div>
  </div>
  <div
    style={
      {
        "marginLeft": "-9px",
        "textAlign": "center",
      }
    }
  >
    <a
      href="http://www.elca.org/"
      rel="noopener noreferrer"
      target="_blank"
    >
      <img
        alt="ELCA LOGO"
        id="elcaLogo"
        src="https://dl.dropboxusercontent.com/s/wkzubcmmm3pqst4/elca-logo.png?dl=0"
        style={
          {
            "margin": "auto",
            "marginLeft": "",
            "paddingTop": "30px",
            "width": "308px",
          }
        }
      />
    </a>
  </div>
</div>
`;
