// Jest Snapshot v1, https://goo.gl/fbAQLP

exports[`Habitat Project Renders the Habitat Project page 1`] = `
<div
  className="page-content"
>
  <div
    className="MuiGrid-root MuiGrid-container css-11lq3yg-MuiGrid-root"
  >
    <div
      className="MuiGrid-root MuiGrid-item MuiGrid-grid-xs-12 MuiGrid-grid-sm-6 MuiGrid-grid-md-4 css-11l5t4l-MuiGrid-root"
      style={
        {
          "marginInline": "0",
          "paddingInline": "20px",
        }
      }
    >
      <h3
        style={
          {
            "marginBottom": "0px",
            "paddingBottom": "16px",
            "paddingTop": "16px",
            "textAlign": "center",
          }
        }
      >
        CLC Habitat Project
      </h3>
      <div
        style={
          {
            "textAlign": "left",
          }
        }
      >
        College Lutheran Church has made a commitment of $50,000 to sponsor a home in the Roanoke Valley. This is the largest service project undertaken by the members of College Lutheran and we are delighted to be underway.
        <br />
        Here are some details:
        <section
          style={
            {
              "marginBottom": "35px",
              "marginTop": "20px",
              "textAlign": "left",
            }
          }
        />
        <p>
          Questions??? Contact
           
          <a
            href="mailto:rcrevpaul@gmail.com"
          >
            rcrevpaul@gmail.com
          </a>
           
          or
           
          <a
            href="mailto:clchabitatsalem@gmail.com"
          >
            clchabitatsalem@gmail.com
          </a>
        </p>
      </div>
    </div>
    <div
      className="MuiGrid-root MuiGrid-item MuiGrid-grid-xs-12 MuiGrid-grid-sm-6 MuiGrid-grid-md-4 css-11l5t4l-MuiGrid-root"
      style={
        {
          "paddingInline": "20px",
        }
      }
    >
      <h4
        style={
          {
            "paddingBottom": "15px",
            "paddingTop": "22px",
            "textAlign": "center",
          }
        }
      >
        Volunteer Sign Ups
      </h4>
      <div
        className="MuiGrid-root MuiGrid-container MuiGrid-item css-capmjd-MuiGrid-root"
      >
        <div
          style={
            {
              "maxWidth": "500px",
            }
          }
        >
          <p>
            There will be a total of 42 days for volunteering to support the habitat build. For each workday we need to have the following volunteers:
          </p>
          <ul>
            <li>
              10 people for construction work
            </li>
            <li>
              4 people to supply lunch/water
            </li>
            <li>
              1-2 videographers
            </li>
          </ul>
          <p>
            Please
             
            <a
              href="https://signup.com/client/invitation2/secure/444699447581390086/false#/invitation"
              rel="noreferrer"
              target="_blank"
            >
              <b>
                click here
              </b>
            </a>
             
            to sign up to volunteer!
          </p>
        </div>
      </div>
    </div>
    <div
      className="MuiGrid-root MuiGrid-item MuiGrid-grid-xs-12 MuiGrid-grid-sm-6 MuiGrid-grid-md-4 css-11l5t4l-MuiGrid-root"
      style={
        {
          "paddingInline": "20px",
        }
      }
    >
      <h4
        style={
          {
            "paddingBottom": "15px",
            "paddingTop": "22px",
            "textAlign": "center",
          }
        }
      >
        Progression Slideshow
      </h4>
      <div
        id="pic-slider"
      >
        <div
          className="slick-slider slick-initialized"
        >
          <div
            className="slick-list"
          >
            <div
              className="slick-track"
              onMouseEnter={[Function]}
              onMouseLeave={[Function]}
              onMouseOver={[Function]}
              style={
                {
                  "opacity": 1,
                }
              }
            />
          </div>
        </div>
      </div>
      <p
        style={
          {
            "textAlign": "center",
          }
        }
      >
        For progression videos, please checkout our
         
        <a
          href="https://www.youtube.com/channel/UCOra1rXiO-BHzMDNlLd9hFQ/videos"
          rel="noopener noreferrer"
          target="_blank"
        >
          YouTube channel
        </a>
        .
      </p>
    </div>
    <div
      className="MuiGrid-root MuiGrid-item MuiGrid-grid-xs-12 MuiGrid-grid-sm-6 MuiGrid-grid-md-4 css-11l5t4l-MuiGrid-root"
      style={
        {
          "paddingInline": "20px",
        }
      }
    >
      <h4
        style={
          {
            "paddingBottom": "15px",
            "paddingTop": "22px",
            "textAlign": "center",
          }
        }
      >
        Construction Team
      </h4>
      <div
        className="MuiGrid-root MuiGrid-container MuiGrid-item css-1f064cs-MuiGrid-root"
      >
        <div>
          <p>
            <strong>
              TEAM LEADERS:
            </strong>
          </p>
          <div>
            <div>
              <p>
                Matt Gart, Mike Preston, and Skip Zubrod
              </p>
              <strong>
                 RESPONSIBILITIES 
              </strong>
            </div>
            <ul>
              <li>
                Schedule workdays
              </li>
              <li>
                Schedule workers
              </li>
              <li>
                Coordinate with site supervisor
              </li>
            </ul>
          </div>
        </div>
      </div>
    </div>
    <div
      className="MuiGrid-root MuiGrid-item MuiGrid-grid-xs-12 MuiGrid-grid-sm-6 MuiGrid-grid-md-4 css-11l5t4l-MuiGrid-root"
      style={
        {
          "paddingInline": "20px",
        }
      }
    >
      <h4
        style={
          {
            "paddingBottom": "15px",
            "paddingTop": "22px",
            "textAlign": "center",
          }
        }
      >
        Support Team
      </h4>
      <div
        className="MuiGrid-root MuiGrid-container MuiGrid-item css-1f064cs-MuiGrid-root"
      >
        <div>
          <p>
            <strong>
              TEAM LEADERS:
            </strong>
          </p>
          <div>
            <div>
              <p>
                Lisa Yagle, Kay Westermann, and Karen Zubrod
              </p>
              <p>
                <strong>
                  Sunday Updaters:
                </strong>
              </p>
              <p>
                Roger Holtman, Anita Ungs, and Paul Brummer
              </p>
              <p>
                <strong>
                  Publicity:
                </strong>
              </p>
              <p>
                Gary Lautenschlager
              </p>
              <p>
                <strong>
                  Web Page:
                </strong>
              </p>
              <p>
                Josh Sherman
              </p>
              <strong>
                 RESPONSIBILITIES 
              </strong>
            </div>
            <ul>
              <li>
                Make lunches
              </li>
              <li>
                Provide water
              </li>
              <li>
                Provide safety
              </li>
            </ul>
          </div>
        </div>
      </div>
    </div>
    <div
      className="MuiGrid-root MuiGrid-item MuiGrid-grid-xs-12 MuiGrid-grid-sm-6 MuiGrid-grid-md-4 css-11l5t4l-MuiGrid-root"
      style={
        {
          "paddingInline": "20px",
        }
      }
    >
      <h4
        style={
          {
            "paddingBottom": "15px",
            "paddingTop": "22px",
            "textAlign": "center",
          }
        }
      >
        Family Team
      </h4>
      <div
        className="MuiGrid-root MuiGrid-container MuiGrid-item css-1f064cs-MuiGrid-root"
      >
        <div>
          <p>
            <strong>
              TEAM LEADERS:
            </strong>
          </p>
          <div>
            <div>
              <p>
                Bob and Lu Ann Yates, Ellen Holtman, and Debi Talin
              </p>
              <strong>
                 RESPONSIBILITIES 
              </strong>
            </div>
            <ul>
              <li>
                Connect with the family
              </li>
              <li>
                Provide move-in needs
              </li>
              <li>
                Introduce family to CLC
              </li>
            </ul>
          </div>
        </div>
      </div>
    </div>
  </div>
  <div
    style={
      {
        "marginLeft": "-9px",
        "textAlign": "center",
      }
    }
  >
    <a
      href="http://www.elca.org/"
      rel="noopener noreferrer"
      target="_blank"
    >
      <img
        alt="ELCA LOGO"
        id="elcaLogo"
        src="https://dl.dropboxusercontent.com/s/wkzubcmmm3pqst4/elca-logo.png?dl=0"
        style={
          {
            "margin": "auto",
            "marginLeft": "",
            "paddingTop": "30px",
            "width": "308px",
          }
        }
      />
    </a>
  </div>
</div>
`;
