// Vitest Snapshot v1, https://vitest.dev/guide/snapshot.html

exports[`About > renders the about page 1`] = `
<div>
  <div
    class="aboutPage"
  >
    <div
      class="container-fluid"
      style="padding-right: 0px;"
    >
      <div
        class="row"
      >
        <div
          class="col"
          style="top: 0px; max-width: 7.35in; padding-right: 4px;"
        >
          <p
            style="margin-top: 40px; margin-bottom: 40px; font-size: 18px;"
          >
            College Lutheran Church is located in Southwest Virginia in the beautiful city of Salem, right next to Roanoke, VA. The church is situated on College Avenue, within easy walking distance of Roanoke College. College Lutheran Church is part of the Evangelical Lutheran Church in America (ELCA).
          </p>
          <h5
            style="font-weight: bold; margin-top: 35px;"
          />
          <section
            style="margin-top: 20px; text-align: left; margin-bottom: 35px;"
          />
          <p
            style="padding-right: 15px; margin-bottom: 16px; padding-bottom: 0px;"
          >
            <span
              style="font-size: 18px;"
            >
               
              <strong>
                What Else is Happening at CLC?
              </strong>
            </span>
          </p>
          <p>
            Click
             
            <a
              href="/news"
            >
              News
            </a>
             
            to view or subscribe to our emails. Scroll below to view our CLC Events Calendar, and follow us on social media.
            <br />
          </p>
        </div>
        <div
          class="col"
          style="padding: 1px 0px 1px 1px;"
        >
          <div
            id="slideshow1"
            style="margin: 40px auto auto; text-align: center;"
          >
            <img
              alt="Luther Rose"
              src="/Lutherrose.svg"
              style="width: 100%;"
            />
          </div>
        </div>
      </div>
    </div>
  </div>
</div>
`;
