// Vitest Snapshot v1, https://vitest.dev/guide/snapshot.html

exports[`WideFacebookFeed > renders WideFacebookFeed 1`] = `
<div>
  <div
    class="row"
    style="margin-left: 10px;"
  >
    <div
      class="col"
      style="max-width: 600px; margin: auto; padding-right: 10px;"
    >
      <p
        style="text-align: center; font-size: 10pt; margin-top: 0px;"
      >
        <a
          href="/calendar"
          style="font-size: 10pt;"
        >
          <i>
            View Full Calendar
          </i>
        </a>
      </p>
      <iframe
        frameborder="0"
        height="500"
        loading="lazy"
        scrolling="no"
        src="https://calendar.google.com/calendar/embed?title=College%20Lutheran%20Events%20Calendar&showNav=0&showDate=0&showPrint=0&showTabs=0&showCalendars=0&mode=AGENDA&height=500&wkst=1&bgcolor=%23FFFFFF&src=ra8um2u26p59a2t92lfooq4els%40group.calendar.google.com&color=%23060D5E&ctz=America%2FNew_York"
        style="border-width: 0px;"
        title="google-calendar"
        width="550"
      />
    </div>
    <div
      class="col"
      style="width: 600px; margin: auto; padding-right: 10px; padding-left: 10px; text-align: center;"
    >
      <p
        id="wideFacebook"
        style="text-align: center; font-size: 10pt; margin-bottom: 0px; margin-top: 32px;"
      >
        <i>
          Like Us On
           
          <a
            href="https://www.facebook.com/CollegeLutheranChurch/"
            style="font-size: 10pt;"
          >
            Facebook
          </a>
        </i>
      </p>
      <iframe
        allow="encrypted-media"
        class="widescreenHomepage"
        height="485"
        loading="lazy"
        scrolling="no"
        src="https://www.facebook.com/plugins/page.php?href=https%3A%2F%2Fwww.facebook.com%2FCollegeLutheranChurch&tabs=timeline&width=500&height=485&small_header=true&adapt_container_width=true&hide_cover=true&show_facepile=false"
        style="border: medium; overflow: hidden; margin-left: -14px;"
        title="facebook ticker"
        width="500"
      />
    </div>
  </div>
</div>
`;
